    9    6    6    0bc    3   -4
Completion took 1 ms